Running test.sh
Running test-latency.sh
Finished test-latency.sh
Running test-pipelining.sh
Finished test-pipelining.sh
